mode: set
github.com/ygncode-lab/whatsapp-web/services/whatsapp/internal/client/client.go:76.60,81.20 3 0
github.com/ygncode-lab/whatsapp-web/services/whatsapp/internal/client/client.go:81.20,83.3 1 0
github.com/ygncode-lab/whatsapp-web/services/whatsapp/internal/client/client.go:84.2,92.16 3 0
github.com/ygncode-lab/whatsapp-web/services/whatsapp/internal/client/client.go:92.16,94.3 1 0
github.com/ygncode-lab/whatsapp-web/services/whatsapp/internal/client/client.go:97.2,98.16 2 0
github.com/ygncode-lab/whatsapp-web/services/whatsapp/internal/client/client.go:98.16,100.3 1 0
github.com/ygncode-lab/whatsapp-web/services/whatsapp/internal/client/client.go:103.2,122.15 5 0
github.com/ygncode-lab/whatsapp-web/services/whatsapp/internal/client/client.go:126.47,128.2 1 1
github.com/ygncode-lab/whatsapp-web/services/whatsapp/internal/client/client.go:131.55,133.2 1 1
github.com/ygncode-lab/whatsapp-web/services/whatsapp/internal/client/client.go:136.56,141.35 4 0
github.com/ygncode-lab/whatsapp-web/services/whatsapp/internal/client/client.go:141.35,143.3 1 0
github.com/ygncode-lab/whatsapp-web/services/whatsapp/internal/client/client.go:147.59,149.15 1 0
github.com/ygncode-lab/whatsapp-web/services/whatsapp/internal/client/client.go:149.15,150.31 1 0
github.com/ygncode-lab/whatsapp-web/services/whatsapp/internal/client/client.go:150.31,153.4 2 0
github.com/ygncode-lab/whatsapp-web/services/whatsapp/internal/client/client.go:156.2,159.30 2 0
github.com/ygncode-lab/whatsapp-web/services/whatsapp/internal/client/client.go:159.30,163.3 2 0
github.com/ygncode-lab/whatsapp-web/services/whatsapp/internal/client/client.go:166.2,167.25 2 0
github.com/ygncode-lab/whatsapp-web/services/whatsapp/internal/client/client.go:171.59,174.16 2 0
github.com/ygncode-lab/whatsapp-web/services/whatsapp/internal/client/client.go:174.16,176.3 1 0
github.com/ygncode-lab/whatsapp-web/services/whatsapp/internal/client/client.go:179.2,179.43 1 0
github.com/ygncode-lab/whatsapp-web/services/whatsapp/internal/client/client.go:179.43,181.3 1 0
github.com/ygncode-lab/whatsapp-web/services/whatsapp/internal/client/client.go:184.2,184.12 1 0
github.com/ygncode-lab/whatsapp-web/services/whatsapp/internal/client/client.go:184.12,185.27 1 0
github.com/ygncode-lab/whatsapp-web/services/whatsapp/internal/client/client.go:185.27,186.21 1 0
github.com/ygncode-lab/whatsapp-web/services/whatsapp/internal/client/client.go:187.16,190.28 2 0
github.com/ygncode-lab/whatsapp-web/services/whatsapp/internal/client/client.go:190.28,192.6 1 0
github.com/ygncode-lab/whatsapp-web/services/whatsapp/internal/client/client.go:193.19,199.26 5 0
github.com/ygncode-lab/whatsapp-web/services/whatsapp/internal/client/client.go:199.26,201.6 1 0
github.com/ygncode-lab/whatsapp-web/services/whatsapp/internal/client/client.go:202.19,205.26 2 0
github.com/ygncode-lab/whatsapp-web/services/whatsapp/internal/client/client.go:205.26,207.6 1 0
github.com/ygncode-lab/whatsapp-web/services/whatsapp/internal/client/client.go:212.2,212.12 1 0
github.com/ygncode-lab/whatsapp-web/services/whatsapp/internal/client/client.go:216.55,217.43 1 0
github.com/ygncode-lab/whatsapp-web/services/whatsapp/internal/client/client.go:217.43,219.3 1 0
github.com/ygncode-lab/whatsapp-web/services/whatsapp/internal/client/client.go:221.2,225.12 4 0
github.com/ygncode-lab/whatsapp-web/services/whatsapp/internal/client/client.go:231.51,238.22 5 1
github.com/ygncode-lab/whatsapp-web/services/whatsapp/internal/client/client.go:238.22,245.47 3 1
github.com/ygncode-lab/whatsapp-web/services/whatsapp/internal/client/client.go:245.47,247.4 1 1
github.com/ygncode-lab/whatsapp-web/services/whatsapp/internal/client/client.go:248.3,248.36 1 1
github.com/ygncode-lab/whatsapp-web/services/whatsapp/internal/client/client.go:249.8,252.3 1 1
github.com/ygncode-lab/whatsapp-web/services/whatsapp/internal/client/client.go:256.2,260.42 4 1
github.com/ygncode-lab/whatsapp-web/services/whatsapp/internal/client/client.go:270.55,272.30 1 0
github.com/ygncode-lab/whatsapp-web/services/whatsapp/internal/client/client.go:272.30,275.3 2 0
github.com/ygncode-lab/whatsapp-web/services/whatsapp/internal/client/client.go:276.2,281.24 3 0
github.com/ygncode-lab/whatsapp-web/services/whatsapp/internal/client/client.go:281.24,283.3 1 0
github.com/ygncode-lab/whatsapp-web/services/whatsapp/internal/client/client.go:284.2,284.24 1 0
github.com/ygncode-lab/whatsapp-web/services/whatsapp/internal/client/client.go:284.24,286.3 1 0
github.com/ygncode-lab/whatsapp-web/services/whatsapp/internal/client/client.go:289.2,294.15 5 0
github.com/ygncode-lab/whatsapp-web/services/whatsapp/internal/client/client.go:294.15,298.3 3 0
github.com/ygncode-lab/whatsapp-web/services/whatsapp/internal/client/client.go:301.2,306.6 4 0
github.com/ygncode-lab/whatsapp-web/services/whatsapp/internal/client/client.go:306.6,308.10 1 0
github.com/ygncode-lab/whatsapp-web/services/whatsapp/internal/client/client.go:309.29,311.25 2 0
github.com/ygncode-lab/whatsapp-web/services/whatsapp/internal/client/client.go:311.25,313.5 1 0
github.com/ygncode-lab/whatsapp-web/services/whatsapp/internal/client/client.go:314.4,314.10 1 0
github.com/ygncode-lab/whatsapp-web/services/whatsapp/internal/client/client.go:315.11,315.11 0 0
github.com/ygncode-lab/whatsapp-web/services/whatsapp/internal/client/client.go:319.3,326.56 4 0
github.com/ygncode-lab/whatsapp-web/services/whatsapp/internal/client/client.go:326.56,328.25 2 0
github.com/ygncode-lab/whatsapp-web/services/whatsapp/internal/client/client.go:328.25,330.5 1 0
github.com/ygncode-lab/whatsapp-web/services/whatsapp/internal/client/client.go:331.4,332.62 1 0
github.com/ygncode-lab/whatsapp-web/services/whatsapp/internal/client/client.go:336.3,336.44 1 0
github.com/ygncode-lab/whatsapp-web/services/whatsapp/internal/client/client.go:336.44,342.57 3 0
github.com/ygncode-lab/whatsapp-web/services/whatsapp/internal/client/client.go:342.57,344.5 1 0
github.com/ygncode-lab/whatsapp-web/services/whatsapp/internal/client/client.go:347.4,347.11 1 0
github.com/ygncode-lab/whatsapp-web/services/whatsapp/internal/client/client.go:348.30,350.26 2 0
github.com/ygncode-lab/whatsapp-web/services/whatsapp/internal/client/client.go:350.26,352.6 1 0
github.com/ygncode-lab/whatsapp-web/services/whatsapp/internal/client/client.go:353.5,353.11 1 0
github.com/ygncode-lab/whatsapp-web/services/whatsapp/internal/client/client.go:354.31,354.31 0 0
github.com/ygncode-lab/whatsapp-web/services/whatsapp/internal/client/client.go:358.4,358.12 1 0
github.com/ygncode-lab/whatsapp-web/services/whatsapp/internal/client/client.go:362.3,368.24 5 0
github.com/ygncode-lab/whatsapp-web/services/whatsapp/internal/client/client.go:368.24,370.4 1 0
github.com/ygncode-lab/whatsapp-web/services/whatsapp/internal/client/client.go:371.3,371.9 1 0
github.com/ygncode-lab/whatsapp-web/services/whatsapp/internal/client/client.go:377.34,379.30 2 1
github.com/ygncode-lab/whatsapp-web/services/whatsapp/internal/client/client.go:379.30,381.3 1 1
github.com/ygncode-lab/whatsapp-web/services/whatsapp/internal/client/client.go:385.31,389.15 2 0
github.com/ygncode-lab/whatsapp-web/services/whatsapp/internal/client/client.go:389.15,390.31 1 0
github.com/ygncode-lab/whatsapp-web/services/whatsapp/internal/client/client.go:390.31,392.4 1 0
github.com/ygncode-lab/whatsapp-web/services/whatsapp/internal/client/client.go:395.2,395.47 1 0
github.com/ygncode-lab/whatsapp-web/services/whatsapp/internal/client/client.go:395.47,397.3 1 0
github.com/ygncode-lab/whatsapp-web/services/whatsapp/internal/client/client.go:399.2,399.24 1 0
github.com/ygncode-lab/whatsapp-web/services/whatsapp/internal/client/client.go:399.24,401.3 1 0
github.com/ygncode-lab/whatsapp-web/services/whatsapp/internal/client/client.go:403.2,405.15 3 0
github.com/ygncode-lab/whatsapp-web/services/whatsapp/internal/client/client.go:409.66,413.2 3 0
github.com/ygncode-lab/whatsapp-web/services/whatsapp/internal/client/client.go:416.120,419.16 2 0
github.com/ygncode-lab/whatsapp-web/services/whatsapp/internal/client/client.go:419.16,421.3 1 0
github.com/ygncode-lab/whatsapp-web/services/whatsapp/internal/client/client.go:423.2,426.19 2 0
github.com/ygncode-lab/whatsapp-web/services/whatsapp/internal/client/client.go:426.19,429.24 2 0
github.com/ygncode-lab/whatsapp-web/services/whatsapp/internal/client/client.go:429.24,431.4 1 0
github.com/ygncode-lab/whatsapp-web/services/whatsapp/internal/client/client.go:432.3,441.4 2 0
github.com/ygncode-lab/whatsapp-web/services/whatsapp/internal/client/client.go:442.8,447.3 1 0
github.com/ygncode-lab/whatsapp-web/services/whatsapp/internal/client/client.go:450.2,451.16 2 0
github.com/ygncode-lab/whatsapp-web/services/whatsapp/internal/client/client.go:451.16,453.3 1 0
github.com/ygncode-lab/whatsapp-web/services/whatsapp/internal/client/client.go:455.2,456.12 2 0
github.com/ygncode-lab/whatsapp-web/services/whatsapp/internal/client/client.go:460.193,463.16 2 0
github.com/ygncode-lab/whatsapp-web/services/whatsapp/internal/client/client.go:463.16,465.3 1 0
github.com/ygncode-lab/whatsapp-web/services/whatsapp/internal/client/client.go:468.2,469.23 2 0
github.com/ygncode-lab/whatsapp-web/services/whatsapp/internal/client/client.go:469.23,471.3 1 0
github.com/ygncode-lab/whatsapp-web/services/whatsapp/internal/client/client.go:473.2,475.19 2 0
github.com/ygncode-lab/whatsapp-web/services/whatsapp/internal/client/client.go:476.15,477.86 1 0
github.com/ygncode-lab/whatsapp-web/services/whatsapp/internal/client/client.go:478.18,479.99 1 0
github.com/ygncode-lab/whatsapp-web/services/whatsapp/internal/client/client.go:480.15,481.86 1 0
github.com/ygncode-lab/whatsapp-web/services/whatsapp/internal/client/client.go:482.15,483.77 1 0
github.com/ygncode-lab/whatsapp-web/services/whatsapp/internal/client/client.go:484.10,485.61 1 0
github.com/ygncode-lab/whatsapp-web/services/whatsapp/internal/client/client.go:488.2,488.16 1 0
github.com/ygncode-lab/whatsapp-web/services/whatsapp/internal/client/client.go:488.16,490.3 1 0
github.com/ygncode-lab/whatsapp-web/services/whatsapp/internal/client/client.go:493.2,494.16 2 0
github.com/ygncode-lab/whatsapp-web/services/whatsapp/internal/client/client.go:494.16,496.3 1 0
github.com/ygncode-lab/whatsapp-web/services/whatsapp/internal/client/client.go:498.2,499.12 2 0
github.com/ygncode-lab/whatsapp-web/services/whatsapp/internal/client/client.go:503.156,504.20 1 0
github.com/ygncode-lab/whatsapp-web/services/whatsapp/internal/client/client.go:504.20,506.3 1 0
github.com/ygncode-lab/whatsapp-web/services/whatsapp/internal/client/client.go:509.2,510.16 2 0
github.com/ygncode-lab/whatsapp-web/services/whatsapp/internal/client/client.go:510.16,512.3 1 0
github.com/ygncode-lab/whatsapp-web/services/whatsapp/internal/client/client.go:514.2,526.19 2 0
github.com/ygncode-lab/whatsapp-web/services/whatsapp/internal/client/client.go:526.19,531.3 1 0
github.com/ygncode-lab/whatsapp-web/services/whatsapp/internal/client/client.go:533.2,533.52 1 0
github.com/ygncode-lab/whatsapp-web/services/whatsapp/internal/client/client.go:537.176,538.20 1 0
github.com/ygncode-lab/whatsapp-web/services/whatsapp/internal/client/client.go:538.20,540.3 1 0
github.com/ygncode-lab/whatsapp-web/services/whatsapp/internal/client/client.go:541.2,541.20 1 0
github.com/ygncode-lab/whatsapp-web/services/whatsapp/internal/client/client.go:541.20,543.3 1 0
github.com/ygncode-lab/whatsapp-web/services/whatsapp/internal/client/client.go:546.2,547.16 2 0
github.com/ygncode-lab/whatsapp-web/services/whatsapp/internal/client/client.go:547.16,549.3 1 0
github.com/ygncode-lab/whatsapp-web/services/whatsapp/internal/client/client.go:551.2,564.19 2 0
github.com/ygncode-lab/whatsapp-web/services/whatsapp/internal/client/client.go:564.19,569.3 1 0
github.com/ygncode-lab/whatsapp-web/services/whatsapp/internal/client/client.go:571.2,571.53 1 0
github.com/ygncode-lab/whatsapp-web/services/whatsapp/internal/client/client.go:575.156,576.20 1 0
github.com/ygncode-lab/whatsapp-web/services/whatsapp/internal/client/client.go:576.20,578.3 1 0
github.com/ygncode-lab/whatsapp-web/services/whatsapp/internal/client/client.go:581.2,582.16 2 0
github.com/ygncode-lab/whatsapp-web/services/whatsapp/internal/client/client.go:582.16,584.3 1 0
github.com/ygncode-lab/whatsapp-web/services/whatsapp/internal/client/client.go:586.2,598.19 2 0
github.com/ygncode-lab/whatsapp-web/services/whatsapp/internal/client/client.go:598.19,603.3 1 0
github.com/ygncode-lab/whatsapp-web/services/whatsapp/internal/client/client.go:605.2,605.52 1 0
github.com/ygncode-lab/whatsapp-web/services/whatsapp/internal/client/client.go:609.140,610.20 1 0
github.com/ygncode-lab/whatsapp-web/services/whatsapp/internal/client/client.go:610.20,612.3 1 0
github.com/ygncode-lab/whatsapp-web/services/whatsapp/internal/client/client.go:615.2,616.16 2 0
github.com/ygncode-lab/whatsapp-web/services/whatsapp/internal/client/client.go:616.16,618.3 1 0
github.com/ygncode-lab/whatsapp-web/services/whatsapp/internal/client/client.go:620.2,632.19 2 0
github.com/ygncode-lab/whatsapp-web/services/whatsapp/internal/client/client.go:632.19,637.3 1 0
github.com/ygncode-lab/whatsapp-web/services/whatsapp/internal/client/client.go:639.2,639.52 1 0
github.com/ygncode-lab/whatsapp-web/services/whatsapp/internal/client/client.go:643.65,645.2 1 0
github.com/ygncode-lab/whatsapp-web/services/whatsapp/internal/client/client.go:648.36,649.21 1 0
github.com/ygncode-lab/whatsapp-web/services/whatsapp/internal/client/client.go:649.21,651.3 1 0
github.com/ygncode-lab/whatsapp-web/services/whatsapp/internal/client/client.go:652.2,652.30 1 0
github.com/ygncode-lab/whatsapp-web/services/whatsapp/internal/client/client.go:656.37,660.2 3 0
github.com/ygncode-lab/whatsapp-web/services/whatsapp/internal/client/client.go:663.48,665.2 1 0
github.com/ygncode-lab/whatsapp-web/services/whatsapp/internal/client/client.go:668.34,669.30 1 0
github.com/ygncode-lab/whatsapp-web/services/whatsapp/internal/client/client.go:669.30,671.3 1 0
github.com/ygncode-lab/whatsapp-web/services/whatsapp/internal/client/client.go:672.2,672.35 1 0
github.com/ygncode-lab/whatsapp-web/services/whatsapp/internal/client/client.go:676.104,678.2 1 0
